[     194ms] [ERROR] SSE: Connection error Event @ http://localhost:5173/resources/js/services/sseManager.ts:64
[    3291ms] [ERROR] SSE: Connection error Event @ http://localhost:5173/resources/js/services/sseManager.ts:64
[    9295ms] [ERROR] SSE: Connection error Event @ http://localhost:5173/resources/js/services/sseManager.ts:64
[   15299ms] [ERROR] SSE: Connection error Event @ http://localhost:5173/resources/js/services/sseManager.ts:64
[   21304ms] [ERROR] SSE: Connection error Event @ http://localhost:5173/resources/js/services/sseManager.ts:64
[   27308ms] [ERROR] SSE: Connection error Event @ http://localhost:5173/resources/js/services/sseManager.ts:64
[   33311ms] [ERROR] SSE: Connection error Event @ http://localhost:5173/resources/js/services/sseManager.ts:64
[   39315ms] [ERROR] SSE: Connection error Event @ http://localhost:5173/resources/js/services/sseManager.ts:64
[   45319ms] [ERROR] SSE: Connection error Event @ http://localhost:5173/resources/js/services/sseManager.ts:64
[   51323ms] [ERROR] SSE: Connection error Event @ http://localhost:5173/resources/js/services/sseManager.ts:64
[   57327ms] [ERROR] SSE: Connection error Event @ http://localhost:5173/resources/js/services/sseManager.ts:64
[   63330ms] [ERROR] SSE: Connection error Event @ http://localhost:5173/resources/js/services/sseManager.ts:64
[   69334ms] [ERROR] SSE: Connection error Event @ http://localhost:5173/resources/js/services/sseManager.ts:64
[   75339ms] [ERROR] SSE: Connection error Event @ http://localhost:5173/resources/js/services/sseManager.ts:64
[   81343ms] [ERROR] SSE: Connection error Event @ http://localhost:5173/resources/js/services/sseManager.ts:64
[   87347ms] [ERROR] SSE: Connection error Event @ http://localhost:5173/resources/js/services/sseManager.ts:64
[   93351ms] [ERROR] SSE: Connection error Event @ http://localhost:5173/resources/js/services/sseManager.ts:64
[   99355ms] [ERROR] SSE: Connection error Event @ http://localhost:5173/resources/js/services/sseManager.ts:64
[  105359ms] [ERROR] SSE: Connection error Event @ http://localhost:5173/resources/js/services/sseManager.ts:64
[  111368ms] [ERROR] SSE: Connection error Event @ http://localhost:5173/resources/js/services/sseManager.ts:64
[  117370ms] [ERROR] SSE: Connection error Event @ http://localhost:5173/resources/js/services/sseManager.ts:64
[  123375ms] [ERROR] SSE: Connection error Event @ http://localhost:5173/resources/js/services/sseManager.ts:64
[  129383ms] [ERROR] SSE: Connection error Event @ http://localhost:5173/resources/js/services/sseManager.ts:64
[  135388ms] [ERROR] SSE: Connection error Event @ http://localhost:5173/resources/js/services/sseManager.ts:64
[  141393ms] [ERROR] SSE: Connection error Event @ http://localhost:5173/resources/js/services/sseManager.ts:64
[  147397ms] [ERROR] SSE: Connection error Event @ http://localhost:5173/resources/js/services/sseManager.ts:64
[  153409ms] [ERROR] SSE: Connection error Event @ http://localhost:5173/resources/js/services/sseManager.ts:64
[  159420ms] [ERROR] SSE: Connection error Event @ http://localhost:5173/resources/js/services/sseManager.ts:64
[  165426ms] [ERROR] SSE: Connection error Event @ http://localhost:5173/resources/js/services/sseManager.ts:64
[  171431ms] [ERROR] SSE: Connection error Event @ http://localhost:5173/resources/js/services/sseManager.ts:64
[  171690ms] [WARNING] Warning: Missing `Description` or `aria-describedby={undefined}` for {DialogContent}. @ http://localhost:5173/node_modules/.vite/deps/chunk-3DLO5OAN.js?v=5fb9ee74:339
[  177437ms] [ERROR] SSE: Connection error Event @ http://localhost:5173/resources/js/services/sseManager.ts:64
[  183281ms] [ERROR] Failed to load resource: the server responded with a status of 500 (Internal Server Error) @ http://localhost:3500/api/authors:0
[  183282ms] [ERROR] Drawer operation error: {success: false, message: Failed to create author: failed to create authors:…elation "authors" does not exist (SQLSTATE 42P01)} @ http://localhost:5173/resources/js/components/Crud/CrudPage.tsx:568
[  183441ms] [ERROR] SSE: Connection error Event @ http://localhost:5173/resources/js/services/sseManager.ts:64
[  189444ms] [ERROR] SSE: Connection error Event @ http://localhost:5173/resources/js/services/sseManager.ts:64
[  195448ms] [ERROR] SSE: Connection error Event @ http://localhost:5173/resources/js/services/sseManager.ts:64
[  201461ms] [ERROR] SSE: Connection error Event @ http://localhost:5173/resources/js/services/sseManager.ts:64
[  207464ms] [ERROR] SSE: Connection error Event @ http://localhost:5173/resources/js/services/sseManager.ts:64
[  213469ms] [ERROR] SSE: Connection error Event @ http://localhost:5173/resources/js/services/sseManager.ts:64
[  219472ms] [ERROR] SSE: Connection error Event @ http://localhost:5173/resources/js/services/sseManager.ts:64
[  225475ms] [ERROR] SSE: Connection error Event @ http://localhost:5173/resources/js/services/sseManager.ts:64
[  231480ms] [ERROR] SSE: Connection error Event @ http://localhost:5173/resources/js/services/sseManager.ts:64
[  237483ms] [ERROR] SSE: Connection error Event @ http://localhost:5173/resources/js/services/sseManager.ts:64
[  238841ms] [WARNING] Warning: Missing `Description` or `aria-describedby={undefined}` for {DialogContent}. @ http://localhost:5173/node_modules/.vite/deps/chunk-3DLO5OAN.js?v=5fb9ee74:339
[  243486ms] [ERROR] SSE: Connection error Event @ http://localhost:5173/resources/js/services/sseManager.ts:64
[  249490ms] [ERROR] SSE: Connection error Event @ http://localhost:5173/resources/js/services/sseManager.ts:64
[  255494ms] [ERROR] SSE: Connection error Event @ http://localhost:5173/resources/js/services/sseManager.ts:64
[  259018ms] [WARNING] Warning: Missing `Description` or `aria-describedby={undefined}` for {DialogContent}. @ http://localhost:5173/node_modules/.vite/deps/chunk-3DLO5OAN.js?v=5fb9ee74:339
[  261497ms] [ERROR] SSE: Connection error Event @ http://localhost:5173/resources/js/services/sseManager.ts:64
[  264824ms] [WARNING] Warning: Missing `Description` or `aria-describedby={undefined}` for {DialogContent}. @ http://localhost:5173/node_modules/.vite/deps/chunk-3DLO5OAN.js?v=5fb9ee74:339
[  267499ms] [ERROR] SSE: Connection error Event @ http://localhost:5173/resources/js/services/sseManager.ts:64
[  273503ms] [ERROR] SSE: Connection error Event @ http://localhost:5173/resources/js/services/sseManager.ts:64
[  273819ms] [ERROR] Failed to load resource: the server responded with a status of 500 (Internal Server Error) @ http://localhost:3500/api/authors/1:0
[  273819ms] [ERROR] Drawer operation error: {success: false, message: Failed to update author: failed to update authors:…d input syntax for type date: "" (SQLSTATE 22007)} @ http://localhost:5173/resources/js/components/Crud/CrudPage.tsx:568
[  279509ms] [ERROR] SSE: Connection error Event @ http://localhost:5173/resources/js/services/sseManager.ts:64
[  285512ms] [ERROR] SSE: Connection error Event @ http://localhost:5173/resources/js/services/sseManager.ts:64
[  291516ms] [ERROR] SSE: Connection error Event @ http://localhost:5173/resources/js/services/sseManager.ts:64
[  297520ms] [ERROR] SSE: Connection error Event @ http://localhost:5173/resources/js/services/sseManager.ts:64
[  303524ms] [ERROR] SSE: Connection error Event @ http://localhost:5173/resources/js/services/sseManager.ts:64
[  309527ms] [ERROR] SSE: Connection error Event @ http://localhost:5173/resources/js/services/sseManager.ts:64
[  315531ms] [ERROR] SSE: Connection error Event @ http://localhost:5173/resources/js/services/sseManager.ts:64
[  320320ms] [WARNING] Warning: Missing `Description` or `aria-describedby={undefined}` for {DialogContent}. @ http://localhost:5173/node_modules/.vite/deps/chunk-3DLO5OAN.js?v=5fb9ee74:339
[  321535ms] [ERROR] SSE: Connection error Event @ http://localhost:5173/resources/js/services/sseManager.ts:64
[  324708ms] [WARNING] Warning: Missing `Description` or `aria-describedby={undefined}` for {DialogContent}. @ http://localhost:5173/node_modules/.vite/deps/chunk-3DLO5OAN.js?v=5fb9ee74:339
[  327538ms] [ERROR] SSE: Connection error Event @ http://localhost:5173/resources/js/services/sseManager.ts:64
[  333542ms] [ERROR] SSE: Connection error Event @ http://localhost:5173/resources/js/services/sseManager.ts:64
[  339546ms] [ERROR] SSE: Connection error Event @ http://localhost:5173/resources/js/services/sseManager.ts:64
[  345549ms] [ERROR] SSE: Connection error Event @ http://localhost:5173/resources/js/services/sseManager.ts:64
[  351552ms] [ERROR] SSE: Connection error Event @ http://localhost:5173/resources/js/services/sseManager.ts:64
[  357558ms] [ERROR] SSE: Connection error Event @ http://localhost:5173/resources/js/services/sseManager.ts:64
[  363564ms] [ERROR] SSE: Connection error Event @ http://localhost:5173/resources/js/services/sseManager.ts:64
[  369569ms] [ERROR] SSE: Connection error Event @ http://localhost:5173/resources/js/services/sseManager.ts:64
[  375573ms] [ERROR] SSE: Connection error Event @ http://localhost:5173/resources/js/services/sseManager.ts:64
[  381577ms] [ERROR] SSE: Connection error Event @ http://localhost:5173/resources/js/services/sseManager.ts:64
[  385542ms] [ERROR] SSE: Connection error Event @ http://localhost:5173/resources/js/services/sseManager.ts:64
[  387579ms] [ERROR] SSE: Connection error Event @ http://localhost:5173/resources/js/services/sseManager.ts:64
[  391545ms] [ERROR] SSE: Connection error Event @ http://localhost:5173/resources/js/services/sseManager.ts:64
[  393583ms] [ERROR] SSE: Connection error Event @ http://localhost:5173/resources/js/services/sseManager.ts:64
[  396755ms] [ERROR] `DialogContent` requires a `DialogTitle` for the component to be accessible for screen reader users.

If you want to hide the `DialogTitle`, you can wrap it with our VisuallyHidden component.

For more information, see https://radix-ui.com/primitives/docs/components/dialog @ http://localhost:5173/node_modules/.vite/deps/chunk-3DLO5OAN.js?v=5fb9ee74:325
[  396756ms] [WARNING] Warning: Missing `Description` or `aria-describedby={undefined}` for {DialogContent}. @ http://localhost:5173/node_modules/.vite/deps/chunk-3DLO5OAN.js?v=5fb9ee74:339
[  397551ms] [ERROR] SSE: Connection error Event @ http://localhost:5173/resources/js/services/sseManager.ts:64
[  399587ms] [ERROR] SSE: Connection error Event @ http://localhost:5173/resources/js/services/sseManager.ts:64
[  403553ms] [ERROR] SSE: Connection error Event @ http://localhost:5173/resources/js/services/sseManager.ts:64
[  405590ms] [ERROR] SSE: Connection error Event @ http://localhost:5173/resources/js/services/sseManager.ts:64
[  409557ms] [ERROR] SSE: Connection error Event @ http://localhost:5173/resources/js/services/sseManager.ts:64
[  411593ms] [ERROR] SSE: Connection error Event @ http://localhost:5173/resources/js/services/sseManager.ts:64
[  415561ms] [ERROR] SSE: Connection error Event @ http://localhost:5173/resources/js/services/sseManager.ts:64
[  417598ms] [ERROR] SSE: Connection error Event @ http://localhost:5173/resources/js/services/sseManager.ts:64
[  421565ms] [ERROR] SSE: Connection error Event @ http://localhost:5173/resources/js/services/sseManager.ts:64
[  423601ms] [ERROR] SSE: Connection error Event @ http://localhost:5173/resources/js/services/sseManager.ts:64
[  427569ms] [ERROR] SSE: Connection error Event @ http://localhost:5173/resources/js/services/sseManager.ts:64
[  429605ms] [ERROR] SSE: Connection error Event @ http://localhost:5173/resources/js/services/sseManager.ts:64
[  433572ms] [ERROR] SSE: Connection error Event @ http://localhost:5173/resources/js/services/sseManager.ts:64
[  435609ms] [ERROR] SSE: Connection error Event @ http://localhost:5173/resources/js/services/sseManager.ts:64
[  439576ms] [ERROR] SSE: Connection error Event @ http://localhost:5173/resources/js/services/sseManager.ts:64
[  441613ms] [ERROR] SSE: Connection error Event @ http://localhost:5173/resources/js/services/sseManager.ts:64
[  445581ms] [ERROR] SSE: Connection error Event @ http://localhost:5173/resources/js/services/sseManager.ts:64
[  447616ms] [ERROR] SSE: Connection error Event @ http://localhost:5173/resources/js/services/sseManager.ts:64
[  451585ms] [ERROR] SSE: Connection error Event @ http://localhost:5173/resources/js/services/sseManager.ts:64
[  451866ms] [ERROR] SSE: Connection error Event @ http://localhost:5173/resources/js/services/sseManager.ts:64
[  451866ms] [ERROR] Failed to load resource: net::ERR_INCOMPLETE_CHUNKED_ENCODING @ http://localhost:3500/api/sse/stream?token=eyJhbGciOiJIUzI1NiIsInR5cCI6IkpXVCJ9.eyJrZXkiOiIxIiwic3ViIjoidXNlciIsImV4cCI6MTc3MDQ3OTIwNiwiaWF0IjoxNzcwNDc1NjA2fQ.L94wgTp44Mev0ZM1gcShOxnLJVpRp66pFKgaikG9PM4:0
[  457589ms] [ERROR] SSE: Connection error Event @ http://localhost:5173/resources/js/services/sseManager.ts:64
[  457869ms] [ERROR] SSE: Connection error Event @ http://localhost:5173/resources/js/services/sseManager.ts:64
[  461418ms] [ERROR] SSE: Connection error Event @ http://localhost:5173/resources/js/services/sseManager.ts:64
[  461418ms] [ERROR] Failed to load resource: net::ERR_INCOMPLETE_CHUNKED_ENCODING @ http://localhost:3500/api/sse/stream?token=eyJhbGciOiJIUzI1NiIsInR5cCI6IkpXVCJ9.eyJrZXkiOiIxIiwic3ViIjoidXNlciIsImV4cCI6MTc3MDQ3OTIwNiwiaWF0IjoxNzcwNDc1NjA2fQ.L94wgTp44Mev0ZM1gcShOxnLJVpRp66pFKgaikG9PM4:0
[  461418ms] [ERROR] SSE: Connection error Event @ http://localhost:5173/resources/js/services/sseManager.ts:64
[  461418ms] [ERROR] Failed to load resource: net::ERR_INCOMPLETE_CHUNKED_ENCODING @ http://localhost:3500/api/sse/stream?token=eyJhbGciOiJIUzI1NiIsInR5cCI6IkpXVCJ9.eyJrZXkiOiIxIiwic3ViIjoidXNlciIsImV4cCI6MTc3MDQ3OTIwNiwiaWF0IjoxNzcwNDc1NjA2fQ.L94wgTp44Mev0ZM1gcShOxnLJVpRp66pFKgaikG9PM4:0
[  464421ms] [ERROR] SSE: Connection error Event @ http://localhost:5173/resources/js/services/sseManager.ts:64
[  464422ms] [ERROR] Failed to load resource: net::ERR_CONNECTION_REFUSED @ http://localhost:3500/api/sse/stream?token=eyJhbGciOiJIUzI1NiIsInR5cCI6IkpXVCJ9.eyJrZXkiOiIxIiwic3ViIjoidXNlciIsImV4cCI6MTc3MDQ3OTIwNiwiaWF0IjoxNzcwNDc1NjA2fQ.L94wgTp44Mev0ZM1gcShOxnLJVpRp66pFKgaikG9PM4:0
[  464422ms] [ERROR] SSE: Connection error Event @ http://localhost:5173/resources/js/services/sseManager.ts:64
[  464422ms] [ERROR] Failed to load resource: net::ERR_CONNECTION_REFUSED @ http://localhost:3500/api/sse/stream?token=eyJhbGciOiJIUzI1NiIsInR5cCI6IkpXVCJ9.eyJrZXkiOiIxIiwic3ViIjoidXNlciIsImV4cCI6MTc3MDQ3OTIwNiwiaWF0IjoxNzcwNDc1NjA2fQ.L94wgTp44Mev0ZM1gcShOxnLJVpRp66pFKgaikG9PM4:0
[  467423ms] [ERROR] SSE: Connection error Event @ http://localhost:5173/resources/js/services/sseManager.ts:64
[  467424ms] [ERROR] Failed to load resource: net::ERR_CONNECTION_REFUSED @ http://localhost:3500/api/sse/stream?token=eyJhbGciOiJIUzI1NiIsInR5cCI6IkpXVCJ9.eyJrZXkiOiIxIiwic3ViIjoidXNlciIsImV4cCI6MTc3MDQ3OTIwNiwiaWF0IjoxNzcwNDc1NjA2fQ.L94wgTp44Mev0ZM1gcShOxnLJVpRp66pFKgaikG9PM4:0
[  467424ms] [ERROR] SSE: Connection error Event @ http://localhost:5173/resources/js/services/sseManager.ts:64
[  467424ms] [ERROR] Failed to load resource: net::ERR_CONNECTION_REFUSED @ http://localhost:3500/api/sse/stream?token=eyJhbGciOiJIUzI1NiIsInR5cCI6IkpXVCJ9.eyJrZXkiOiIxIiwic3ViIjoidXNlciIsImV4cCI6MTc3MDQ3OTIwNiwiaWF0IjoxNzcwNDc1NjA2fQ.L94wgTp44Mev0ZM1gcShOxnLJVpRp66pFKgaikG9PM4:0
[  470426ms] [ERROR] SSE: Connection error Event @ http://localhost:5173/resources/js/services/sseManager.ts:64
[  470426ms] [ERROR] Failed to load resource: net::ERR_CONNECTION_REFUSED @ http://localhost:3500/api/sse/stream?token=eyJhbGciOiJIUzI1NiIsInR5cCI6IkpXVCJ9.eyJrZXkiOiIxIiwic3ViIjoidXNlciIsImV4cCI6MTc3MDQ3OTIwNiwiaWF0IjoxNzcwNDc1NjA2fQ.L94wgTp44Mev0ZM1gcShOxnLJVpRp66pFKgaikG9PM4:0
[  470426ms] [ERROR] SSE: Connection error Event @ http://localhost:5173/resources/js/services/sseManager.ts:64
[  470426ms] [ERROR] Failed to load resource: net::ERR_CONNECTION_REFUSED @ http://localhost:3500/api/sse/stream?token=eyJhbGciOiJIUzI1NiIsInR5cCI6IkpXVCJ9.eyJrZXkiOiIxIiwic3ViIjoidXNlciIsImV4cCI6MTc3MDQ3OTIwNiwiaWF0IjoxNzcwNDc1NjA2fQ.L94wgTp44Mev0ZM1gcShOxnLJVpRp66pFKgaikG9PM4:0
[  474296ms] [ERROR] `DialogContent` requires a `DialogTitle` for the component to be accessible for screen reader users.

If you want to hide the `DialogTitle`, you can wrap it with our VisuallyHidden component.

For more information, see https://radix-ui.com/primitives/docs/components/dialog @ http://localhost:5173/node_modules/.vite/deps/chunk-3DLO5OAN.js?v=5fb9ee74:325
[  474296ms] [WARNING] Warning: Missing `Description` or `aria-describedby={undefined}` for {DialogContent}. @ http://localhost:5173/node_modules/.vite/deps/chunk-3DLO5OAN.js?v=5fb9ee74:339
[  476431ms] [ERROR] SSE: Connection error Event @ http://localhost:5173/resources/js/services/sseManager.ts:64
[  476431ms] [ERROR] SSE: Connection error Event @ http://localhost:5173/resources/js/services/sseManager.ts:64
[  482434ms] [ERROR] SSE: Connection error Event @ http://localhost:5173/resources/js/services/sseManager.ts:64
[  482435ms] [ERROR] SSE: Connection error Event @ http://localhost:5173/resources/js/services/sseManager.ts:64
[  488438ms] [ERROR] SSE: Connection error Event @ http://localhost:5173/resources/js/services/sseManager.ts:64
[  488438ms] [ERROR] SSE: Connection error Event @ http://localhost:5173/resources/js/services/sseManager.ts:64
[  494442ms] [ERROR] SSE: Connection error Event @ http://localhost:5173/resources/js/services/sseManager.ts:64
[  494442ms] [ERROR] SSE: Connection error Event @ http://localhost:5173/resources/js/services/sseManager.ts:64
[  500447ms] [ERROR] SSE: Connection error Event @ http://localhost:5173/resources/js/services/sseManager.ts:64
[  500447ms] [ERROR] SSE: Connection error Event @ http://localhost:5173/resources/js/services/sseManager.ts:64
[  506450ms] [ERROR] SSE: Connection error Event @ http://localhost:5173/resources/js/services/sseManager.ts:64
[  506451ms] [ERROR] SSE: Connection error Event @ http://localhost:5173/resources/js/services/sseManager.ts:64
[  511510ms] [ERROR] SSE: Connection error Event @ http://localhost:5173/resources/js/services/sseManager.ts:64
[  512454ms] [ERROR] SSE: Connection error Event @ http://localhost:5173/resources/js/services/sseManager.ts:64
[  512454ms] [ERROR] SSE: Connection error Event @ http://localhost:5173/resources/js/services/sseManager.ts:64
[  517513ms] [ERROR] SSE: Connection error Event @ http://localhost:5173/resources/js/services/sseManager.ts:64
[  518457ms] [ERROR] SSE: Connection error Event @ http://localhost:5173/resources/js/services/sseManager.ts:64
[  518457ms] [ERROR] SSE: Connection error Event @ http://localhost:5173/resources/js/services/sseManager.ts:64
[  523517ms] [ERROR] SSE: Connection error Event @ http://localhost:5173/resources/js/services/sseManager.ts:64
[  524462ms] [ERROR] SSE: Connection error Event @ http://localhost:5173/resources/js/services/sseManager.ts:64
[  524464ms] [ERROR] SSE: Connection error Event @ http://localhost:5173/resources/js/services/sseManager.ts:64
[  529522ms] [ERROR] SSE: Connection error Event @ http://localhost:5173/resources/js/services/sseManager.ts:64
[  530464ms] [ERROR] SSE: Connection error Event @ http://localhost:5173/resources/js/services/sseManager.ts:64
[  530466ms] [ERROR] SSE: Connection error Event @ http://localhost:5173/resources/js/services/sseManager.ts:64
[  535525ms] [ERROR] SSE: Connection error Event @ http://localhost:5173/resources/js/services/sseManager.ts:64
[  536468ms] [ERROR] SSE: Connection error Event @ http://localhost:5173/resources/js/services/sseManager.ts:64
[  536468ms] [ERROR] SSE: Connection error Event @ http://localhost:5173/resources/js/services/sseManager.ts:64
[  541529ms] [ERROR] SSE: Connection error Event @ http://localhost:5173/resources/js/services/sseManager.ts:64
[  542471ms] [ERROR] SSE: Connection error Event @ http://localhost:5173/resources/js/services/sseManager.ts:64
[  542472ms] [ERROR] SSE: Connection error Event @ http://localhost:5173/resources/js/services/sseManager.ts:64
[  547532ms] [ERROR] SSE: Connection error Event @ http://localhost:5173/resources/js/services/sseManager.ts:64
[  548476ms] [ERROR] SSE: Connection error Event @ http://localhost:5173/resources/js/services/sseManager.ts:64
[  548476ms] [ERROR] SSE: Connection error Event @ http://localhost:5173/resources/js/services/sseManager.ts:64
[  553535ms] [ERROR] SSE: Connection error Event @ http://localhost:5173/resources/js/services/sseManager.ts:64
[  554480ms] [ERROR] SSE: Connection error Event @ http://localhost:5173/resources/js/services/sseManager.ts:64
[  554480ms] [ERROR] SSE: Connection error Event @ http://localhost:5173/resources/js/services/sseManager.ts:64
[  559539ms] [ERROR] SSE: Connection error Event @ http://localhost:5173/resources/js/services/sseManager.ts:64
[  560484ms] [ERROR] SSE: Connection error Event @ http://localhost:5173/resources/js/services/sseManager.ts:64
[  560487ms] [ERROR] SSE: Connection error Event @ http://localhost:5173/resources/js/services/sseManager.ts:64
[  565543ms] [ERROR] SSE: Connection error Event @ http://localhost:5173/resources/js/services/sseManager.ts:64
[  566488ms] [ERROR] SSE: Connection error Event @ http://localhost:5173/resources/js/services/sseManager.ts:64
[  566488ms] [ERROR] SSE: Connection error Event @ http://localhost:5173/resources/js/services/sseManager.ts:64
[  571546ms] [ERROR] SSE: Connection error Event @ http://localhost:5173/resources/js/services/sseManager.ts:64
[  572491ms] [ERROR] SSE: Connection error Event @ http://localhost:5173/resources/js/services/sseManager.ts:64
[  572491ms] [ERROR] SSE: Connection error Event @ http://localhost:5173/resources/js/services/sseManager.ts:64
[  577553ms] [ERROR] SSE: Connection error Event @ http://localhost:5173/resources/js/services/sseManager.ts:64
[  578494ms] [ERROR] SSE: Connection error Event @ http://localhost:5173/resources/js/services/sseManager.ts:64
[  578494ms] [ERROR] SSE: Connection error Event @ http://localhost:5173/resources/js/services/sseManager.ts:64
[  583558ms] [ERROR] SSE: Connection error Event @ http://localhost:5173/resources/js/services/sseManager.ts:64
[  584499ms] [ERROR] SSE: Connection error Event @ http://localhost:5173/resources/js/services/sseManager.ts:64
[  584499ms] [ERROR] SSE: Connection error Event @ http://localhost:5173/resources/js/services/sseManager.ts:64
[  589562ms] [ERROR] SSE: Connection error Event @ http://localhost:5173/resources/js/services/sseManager.ts:64
[  590503ms] [ERROR] SSE: Connection error Event @ http://localhost:5173/resources/js/services/sseManager.ts:64
[  590505ms] [ERROR] SSE: Connection error Event @ http://localhost:5173/resources/js/services/sseManager.ts:64
[  595566ms] [ERROR] SSE: Connection error Event @ http://localhost:5173/resources/js/services/sseManager.ts:64
[  596511ms] [ERROR] SSE: Connection error Event @ http://localhost:5173/resources/js/services/sseManager.ts:64
[  596512ms] [ERROR] SSE: Connection error Event @ http://localhost:5173/resources/js/services/sseManager.ts:64
[  601578ms] [ERROR] SSE: Connection error Event @ http://localhost:5173/resources/js/services/sseManager.ts:64
[  602514ms] [ERROR] SSE: Connection error Event @ http://localhost:5173/resources/js/services/sseManager.ts:64
[  602514ms] [ERROR] SSE: Connection error Event @ http://localhost:5173/resources/js/services/sseManager.ts:64
[  614174ms] [ERROR] SSE: Connection error Event @ http://localhost:5173/resources/js/services/sseManager.ts:64
[  617177ms] [ERROR] SSE: Connection error Event @ http://localhost:5173/resources/js/services/sseManager.ts:64
[  617178ms] [ERROR] SSE: Connection error Event @ http://localhost:5173/resources/js/services/sseManager.ts:64
[  620179ms] [ERROR] SSE: Connection error Event @ http://localhost:5173/resources/js/services/sseManager.ts:64
[  623180ms] [ERROR] SSE: Connection error Event @ http://localhost:5173/resources/js/services/sseManager.ts:64
[  623180ms] [ERROR] SSE: Connection error Event @ http://localhost:5173/resources/js/services/sseManager.ts:64
[  625481ms] [ERROR] SSE: Connection error Event @ http://localhost:5173/resources/js/services/sseManager.ts:64
[  626181ms] [ERROR] SSE: Connection error Event @ http://localhost:5173/resources/js/services/sseManager.ts:64
[  629182ms] [ERROR] SSE: Connection error Event @ http://localhost:5173/resources/js/services/sseManager.ts:64
[  629183ms] [ERROR] SSE: Connection error Event @ http://localhost:5173/resources/js/services/sseManager.ts:64
[  631485ms] [ERROR] SSE: Connection error Event @ http://localhost:5173/resources/js/services/sseManager.ts:64
[  632184ms] [ERROR] SSE: Connection error Event @ http://localhost:5173/resources/js/services/sseManager.ts:64
[  633175ms] [WARNING] Warning: Missing `Description` or `aria-describedby={undefined}` for {DialogContent}. @ http://localhost:5173/node_modules/.vite/deps/chunk-3DLO5OAN.js?v=5fb9ee74:339
[  635186ms] [ERROR] SSE: Connection error Event @ http://localhost:5173/resources/js/services/sseManager.ts:64
[  635186ms] [ERROR] SSE: Connection error Event @ http://localhost:5173/resources/js/services/sseManager.ts:64
[  637489ms] [ERROR] SSE: Connection error Event @ http://localhost:5173/resources/js/services/sseManager.ts:64
[  638188ms] [ERROR] SSE: Connection error Event @ http://localhost:5173/resources/js/services/sseManager.ts:64
[  641189ms] [ERROR] SSE: Connection error Event @ http://localhost:5173/resources/js/services/sseManager.ts:64
[  641190ms] [ERROR] SSE: Connection error Event @ http://localhost:5173/resources/js/services/sseManager.ts:64
[  643493ms] [ERROR] SSE: Connection error Event @ http://localhost:5173/resources/js/services/sseManager.ts:64
[  644190ms] [ERROR] SSE: Connection error Event @ http://localhost:5173/resources/js/services/sseManager.ts:64
[  647207ms] [ERROR] SSE: Connection error Event @ http://localhost:5173/resources/js/services/sseManager.ts:64
[  647209ms] [ERROR] SSE: Connection error Event @ http://localhost:5173/resources/js/services/sseManager.ts:64
[  649497ms] [ERROR] SSE: Connection error Event @ http://localhost:5173/resources/js/services/sseManager.ts:64
[  650207ms] [ERROR] SSE: Connection error Event @ http://localhost:5173/resources/js/services/sseManager.ts:64
[  653209ms] [ERROR] SSE: Connection error Event @ http://localhost:5173/resources/js/services/sseManager.ts:64
[  653212ms] [ERROR] SSE: Connection error Event @ http://localhost:5173/resources/js/services/sseManager.ts:64
[  655501ms] [ERROR] SSE: Connection error Event @ http://localhost:5173/resources/js/services/sseManager.ts:64
[  656234ms] [ERROR] SSE: Connection error Event @ http://localhost:5173/resources/js/services/sseManager.ts:64
[  659237ms] [ERROR] SSE: Connection error Event @ http://localhost:5173/resources/js/services/sseManager.ts:64
[  659237ms] [ERROR] SSE: Connection error Event @ http://localhost:5173/resources/js/services/sseManager.ts:64
[  661505ms] [ERROR] SSE: Connection error Event @ http://localhost:5173/resources/js/services/sseManager.ts:64
[  662237ms] [ERROR] SSE: Connection error Event @ http://localhost:5173/resources/js/services/sseManager.ts:64
[  665239ms] [ERROR] SSE: Connection error Event @ http://localhost:5173/resources/js/services/sseManager.ts:64
[  665239ms] [ERROR] SSE: Connection error Event @ http://localhost:5173/resources/js/services/sseManager.ts:64
[  667508ms] [ERROR] SSE: Connection error Event @ http://localhost:5173/resources/js/services/sseManager.ts:64
[  668240ms] [ERROR] SSE: Connection error Event @ http://localhost:5173/resources/js/services/sseManager.ts:64
[  671242ms] [ERROR] SSE: Connection error Event @ http://localhost:5173/resources/js/services/sseManager.ts:64
[  671242ms] [ERROR] SSE: Connection error Event @ http://localhost:5173/resources/js/services/sseManager.ts:64
[  673511ms] [ERROR] SSE: Connection error Event @ http://localhost:5173/resources/js/services/sseManager.ts:64
[  674243ms] [ERROR] SSE: Connection error Event @ http://localhost:5173/resources/js/services/sseManager.ts:64
[  677245ms] [ERROR] SSE: Connection error Event @ http://localhost:5173/resources/js/services/sseManager.ts:64
[  677246ms] [ERROR] SSE: Connection error Event @ http://localhost:5173/resources/js/services/sseManager.ts:64
[  679516ms] [ERROR] SSE: Connection error Event @ http://localhost:5173/resources/js/services/sseManager.ts:64
[  680252ms] [ERROR] SSE: Connection error Event @ http://localhost:5173/resources/js/services/sseManager.ts:64
[  683257ms] [ERROR] SSE: Connection error Event @ http://localhost:5173/resources/js/services/sseManager.ts:64
[  683257ms] [ERROR] SSE: Connection error Event @ http://localhost:5173/resources/js/services/sseManager.ts:64
[  685528ms] [ERROR] SSE: Connection error Event @ http://localhost:5173/resources/js/services/sseManager.ts:64
[  686262ms] [ERROR] SSE: Connection error Event @ http://localhost:5173/resources/js/services/sseManager.ts:64
[  689266ms] [ERROR] SSE: Connection error Event @ http://localhost:5173/resources/js/services/sseManager.ts:64
[  689266ms] [ERROR] SSE: Connection error Event @ http://localhost:5173/resources/js/services/sseManager.ts:64
[  691532ms] [ERROR] SSE: Connection error Event @ http://localhost:5173/resources/js/services/sseManager.ts:64
[  692267ms] [ERROR] SSE: Connection error Event @ http://localhost:5173/resources/js/services/sseManager.ts:64
[  695286ms] [ERROR] SSE: Connection error Event @ http://localhost:5173/resources/js/services/sseManager.ts:64
[  695289ms] [ERROR] SSE: Connection error Event @ http://localhost:5173/resources/js/services/sseManager.ts:64
[  697536ms] [ERROR] SSE: Connection error Event @ http://localhost:5173/resources/js/services/sseManager.ts:64
[  698292ms] [ERROR] SSE: Connection error Event @ http://localhost:5173/resources/js/services/sseManager.ts:64
[  701293ms] [ERROR] SSE: Connection error Event @ http://localhost:5173/resources/js/services/sseManager.ts:64
[  701293ms] [ERROR] SSE: Connection error Event @ http://localhost:5173/resources/js/services/sseManager.ts:64
[  703542ms] [ERROR] SSE: Connection error Event @ http://localhost:5173/resources/js/services/sseManager.ts:64
[  704300ms] [ERROR] SSE: Connection error Event @ http://localhost:5173/resources/js/services/sseManager.ts:64
[  707307ms] [ERROR] SSE: Connection error Event @ http://localhost:5173/resources/js/services/sseManager.ts:64
[  707307ms] [ERROR] SSE: Connection error Event @ http://localhost:5173/resources/js/services/sseManager.ts:64
[  709549ms] [ERROR] SSE: Connection error Event @ http://localhost:5173/resources/js/services/sseManager.ts:64
[  710310ms] [ERROR] SSE: Connection error Event @ http://localhost:5173/resources/js/services/sseManager.ts:64
[  713314ms] [ERROR] SSE: Connection error Event @ http://localhost:5173/resources/js/services/sseManager.ts:64
[  713318ms] [ERROR] SSE: Connection error Event @ http://localhost:5173/resources/js/services/sseManager.ts:64
[  715553ms] [ERROR] SSE: Connection error Event @ http://localhost:5173/resources/js/services/sseManager.ts:64
[  716320ms] [ERROR] SSE: Connection error Event @ http://localhost:5173/resources/js/services/sseManager.ts:64
[  719331ms] [ERROR] SSE: Connection error Event @ http://localhost:5173/resources/js/services/sseManager.ts:64
[  719331ms] [ERROR] SSE: Connection error Event @ http://localhost:5173/resources/js/services/sseManager.ts:64
[  721558ms] [ERROR] SSE: Connection error Event @ http://localhost:5173/resources/js/services/sseManager.ts:64
[  722329ms] [ERROR] SSE: Connection error Event @ http://localhost:5173/resources/js/services/sseManager.ts:64
[  725332ms] [ERROR] SSE: Connection error Event @ http://localhost:5173/resources/js/services/sseManager.ts:64
[  725333ms] [ERROR] SSE: Connection error Event @ http://localhost:5173/resources/js/services/sseManager.ts:64
[  727563ms] [ERROR] SSE: Connection error Event @ http://localhost:5173/resources/js/services/sseManager.ts:64
[  728331ms] [ERROR] SSE: Connection error Event @ http://localhost:5173/resources/js/services/sseManager.ts:64
[  731334ms] [ERROR] SSE: Connection error Event @ http://localhost:5173/resources/js/services/sseManager.ts:64
[  731335ms] [ERROR] SSE: Connection error Event @ http://localhost:5173/resources/js/services/sseManager.ts:64
[  733558ms] [ERROR] SSE: Connection error Event @ http://localhost:5173/resources/js/services/sseManager.ts:64
[  733614ms] [ERROR] SSE: Connection error Event @ http://localhost:5173/resources/js/services/sseManager.ts:64
[  734334ms] [ERROR] SSE: Connection error Event @ http://localhost:5173/resources/js/services/sseManager.ts:64
[  737336ms] [ERROR] SSE: Connection error Event @ http://localhost:5173/resources/js/services/sseManager.ts:64
[  737336ms] [ERROR] SSE: Connection error Event @ http://localhost:5173/resources/js/services/sseManager.ts:64
[  739561ms] [ERROR] SSE: Connection error Event @ http://localhost:5173/resources/js/services/sseManager.ts:64
[  739617ms] [ERROR] SSE: Connection error Event @ http://localhost:5173/resources/js/services/sseManager.ts:64
[  740337ms] [ERROR] SSE: Connection error Event @ http://localhost:5173/resources/js/services/sseManager.ts:64
[  743339ms] [ERROR] SSE: Connection error Event @ http://localhost:5173/resources/js/services/sseManager.ts:64
[  743339ms] [ERROR] SSE: Connection error Event @ http://localhost:5173/resources/js/services/sseManager.ts:64
[  745057ms] [WARNING] Warning: Missing `Description` or `aria-describedby={undefined}` for {DialogContent}. @ http://localhost:5173/node_modules/.vite/deps/chunk-3DLO5OAN.js?v=5fb9ee74:339
[  745565ms] [ERROR] SSE: Connection error Event @ http://localhost:5173/resources/js/services/sseManager.ts:64
[  745622ms] [ERROR] SSE: Connection error Event @ http://localhost:5173/resources/js/services/sseManager.ts:64
[  746341ms] [ERROR] SSE: Connection error Event @ http://localhost:5173/resources/js/services/sseManager.ts:64
[  749343ms] [ERROR] SSE: Connection error Event @ http://localhost:5173/resources/js/services/sseManager.ts:64
[  749343ms] [ERROR] SSE: Connection error Event @ http://localhost:5173/resources/js/services/sseManager.ts:64
[  751569ms] [ERROR] SSE: Connection error Event @ http://localhost:5173/resources/js/services/sseManager.ts:64
[  751625ms] [ERROR] SSE: Connection error Event @ http://localhost:5173/resources/js/services/sseManager.ts:64
[  752345ms] [ERROR] SSE: Connection error Event @ http://localhost:5173/resources/js/services/sseManager.ts:64
[  755346ms] [ERROR] SSE: Connection error Event @ http://localhost:5173/resources/js/services/sseManager.ts:64
[  755346ms] [ERROR] SSE: Connection error Event @ http://localhost:5173/resources/js/services/sseManager.ts:64
[  757572ms] [ERROR] SSE: Connection error Event @ http://localhost:5173/resources/js/services/sseManager.ts:64
[  757628ms] [ERROR] SSE: Connection error Event @ http://localhost:5173/resources/js/services/sseManager.ts:64
[  758347ms] [ERROR] SSE: Connection error Event @ http://localhost:5173/resources/js/services/sseManager.ts:64
[  761348ms] [ERROR] SSE: Connection error Event @ http://localhost:5173/resources/js/services/sseManager.ts:64
[  761349ms] [ERROR] SSE: Connection error Event @ http://localhost:5173/resources/js/services/sseManager.ts:64
[  763576ms] [ERROR] SSE: Connection error Event @ http://localhost:5173/resources/js/services/sseManager.ts:64
[  763632ms] [ERROR] SSE: Connection error Event @ http://localhost:5173/resources/js/services/sseManager.ts:64
[  764350ms] [ERROR] SSE: Connection error Event @ http://localhost:5173/resources/js/services/sseManager.ts:64
[  767352ms] [ERROR] SSE: Connection error Event @ http://localhost:5173/resources/js/services/sseManager.ts:64
[  767352ms] [ERROR] SSE: Connection error Event @ http://localhost:5173/resources/js/services/sseManager.ts:64
[  769580ms] [ERROR] SSE: Connection error Event @ http://localhost:5173/resources/js/services/sseManager.ts:64
[  769635ms] [ERROR] SSE: Connection error Event @ http://localhost:5173/resources/js/services/sseManager.ts:64
[  770361ms] [ERROR] SSE: Connection error Event @ http://localhost:5173/resources/js/services/sseManager.ts:64
[  773362ms] [ERROR] SSE: Connection error Event @ http://localhost:5173/resources/js/services/sseManager.ts:64
[  773362ms] [ERROR] SSE: Connection error Event @ http://localhost:5173/resources/js/services/sseManager.ts:64
[  775584ms] [ERROR] SSE: Connection error Event @ http://localhost:5173/resources/js/services/sseManager.ts:64
[  775639ms] [ERROR] SSE: Connection error Event @ http://localhost:5173/resources/js/services/sseManager.ts:64
[  776363ms] [ERROR] SSE: Connection error Event @ http://localhost:5173/resources/js/services/sseManager.ts:64
[  779366ms] [ERROR] SSE: Connection error Event @ http://localhost:5173/resources/js/services/sseManager.ts:64
[  779366ms] [ERROR] SSE: Connection error Event @ http://localhost:5173/resources/js/services/sseManager.ts:64
[  781588ms] [ERROR] SSE: Connection error Event @ http://localhost:5173/resources/js/services/sseManager.ts:64
[  781643ms] [ERROR] SSE: Connection error Event @ http://localhost:5173/resources/js/services/sseManager.ts:64
[  782367ms] [ERROR] SSE: Connection error Event @ http://localhost:5173/resources/js/services/sseManager.ts:64
[  785369ms] [ERROR] SSE: Connection error Event @ http://localhost:5173/resources/js/services/sseManager.ts:64
[  785370ms] [ERROR] SSE: Connection error Event @ http://localhost:5173/resources/js/services/sseManager.ts:64
[  787591ms] [ERROR] SSE: Connection error Event @ http://localhost:5173/resources/js/services/sseManager.ts:64
[  787646ms] [ERROR] SSE: Connection error Event @ http://localhost:5173/resources/js/services/sseManager.ts:64
[  788370ms] [ERROR] SSE: Connection error Event @ http://localhost:5173/resources/js/services/sseManager.ts:64
[  791372ms] [ERROR] SSE: Connection error Event @ http://localhost:5173/resources/js/services/sseManager.ts:64
[  791372ms] [ERROR] SSE: Connection error Event @ http://localhost:5173/resources/js/services/sseManager.ts:64
[  793595ms] [ERROR] SSE: Connection error Event @ http://localhost:5173/resources/js/services/sseManager.ts:64
[  793650ms] [ERROR] SSE: Connection error Event @ http://localhost:5173/resources/js/services/sseManager.ts:64
[  794374ms] [ERROR] SSE: Connection error Event @ http://localhost:5173/resources/js/services/sseManager.ts:64
[  797375ms] [ERROR] SSE: Connection error Event @ http://localhost:5173/resources/js/services/sseManager.ts:64
[  797375ms] [ERROR] SSE: Connection error Event @ http://localhost:5173/resources/js/services/sseManager.ts:64
[  799598ms] [ERROR] SSE: Connection error Event @ http://localhost:5173/resources/js/services/sseManager.ts:64
[  799654ms] [ERROR] SSE: Connection error Event @ http://localhost:5173/resources/js/services/sseManager.ts:64
[  800377ms] [ERROR] SSE: Connection error Event @ http://localhost:5173/resources/js/services/sseManager.ts:64
[  803379ms] [ERROR] SSE: Connection error Event @ http://localhost:5173/resources/js/services/sseManager.ts:64
[  803379ms] [ERROR] SSE: Connection error Event @ http://localhost:5173/resources/js/services/sseManager.ts:64
[  805601ms] [ERROR] SSE: Connection error Event @ http://localhost:5173/resources/js/services/sseManager.ts:64
[  805658ms] [ERROR] SSE: Connection error Event @ http://localhost:5173/resources/js/services/sseManager.ts:64
[  806381ms] [ERROR] SSE: Connection error Event @ http://localhost:5173/resources/js/services/sseManager.ts:64
[  809383ms] [ERROR] SSE: Connection error Event @ http://localhost:5173/resources/js/services/sseManager.ts:64
[  809383ms] [ERROR] SSE: Connection error Event @ http://localhost:5173/resources/js/services/sseManager.ts:64
[  811607ms] [ERROR] SSE: Connection error Event @ http://localhost:5173/resources/js/services/sseManager.ts:64
[  811663ms] [ERROR] SSE: Connection error Event @ http://localhost:5173/resources/js/services/sseManager.ts:64
[  812385ms] [ERROR] SSE: Connection error Event @ http://localhost:5173/resources/js/services/sseManager.ts:64
[  815386ms] [ERROR] SSE: Connection error Event @ http://localhost:5173/resources/js/services/sseManager.ts:64
[  815386ms] [ERROR] SSE: Connection error Event @ http://localhost:5173/resources/js/services/sseManager.ts:64
[  817611ms] [ERROR] SSE: Connection error Event @ http://localhost:5173/resources/js/services/sseManager.ts:64
[  817667ms] [ERROR] SSE: Connection error Event @ http://localhost:5173/resources/js/services/sseManager.ts:64
[  818392ms] [ERROR] SSE: Connection error Event @ http://localhost:5173/resources/js/services/sseManager.ts:64
[  821395ms] [ERROR] SSE: Connection error Event @ http://localhost:5173/resources/js/services/sseManager.ts:64
[  821397ms] [ERROR] SSE: Connection error Event @ http://localhost:5173/resources/js/services/sseManager.ts:64
[  821513ms] [ERROR] Failed to load resource: the server responded with a status of 401 (Unauthorized) @ http://localhost:3500/api/sse/stream?token=eyJhbGciOiJIUzI1NiIsInR5cCI6IkpXVCJ9.eyJrZXkiOiIxIiwic3ViIjoidXNlciIsImV4cCI6MTc3MDQ3OTIwNiwiaWF0IjoxNzcwNDc1NjA2fQ.L94wgTp44Mev0ZM1gcShOxnLJVpRp66pFKgaikG9PM4:0
[  821513ms] [ERROR] SSE: Connection error Event @ http://localhost:5173/resources/js/services/sseManager.ts:64
[  823618ms] [ERROR] SSE: Connection error Event @ http://localhost:5173/resources/js/services/sseManager.ts:64
[  823674ms] [ERROR] SSE: Connection error Event @ http://localhost:5173/resources/js/services/sseManager.ts:64
[  827402ms] [ERROR] SSE: Connection error Event @ http://localhost:5173/resources/js/services/sseManager.ts:64
[  827404ms] [ERROR] SSE: Connection error Event @ http://localhost:5173/resources/js/services/sseManager.ts:64
[  829624ms] [ERROR] SSE: Connection error Event @ http://localhost:5173/resources/js/services/sseManager.ts:64
[  829681ms] [ERROR] SSE: Connection error Event @ http://localhost:5173/resources/js/services/sseManager.ts:64
[  833407ms] [ERROR] SSE: Connection error Event @ http://localhost:5173/resources/js/services/sseManager.ts:64
[  833407ms] [ERROR] SSE: Connection error Event @ http://localhost:5173/resources/js/services/sseManager.ts:64
[  835631ms] [ERROR] SSE: Connection error Event @ http://localhost:5173/resources/js/services/sseManager.ts:64
[  835685ms] [ERROR] SSE: Connection error Event @ http://localhost:5173/resources/js/services/sseManager.ts:64
[  839488ms] [ERROR] SSE: Connection error Event @ http://localhost:5173/resources/js/services/sseManager.ts:64
[  839488ms] [ERROR] SSE: Connection error Event @ http://localhost:5173/resources/js/services/sseManager.ts:64
[  841635ms] [ERROR] SSE: Connection error Event @ http://localhost:5173/resources/js/services/sseManager.ts:64
[  841689ms] [ERROR] SSE: Connection error Event @ http://localhost:5173/resources/js/services/sseManager.ts:64
[  845492ms] [ERROR] SSE: Connection error Event @ http://localhost:5173/resources/js/services/sseManager.ts:64
[  845493ms] [ERROR] SSE: Connection error Event @ http://localhost:5173/resources/js/services/sseManager.ts:64
[  847640ms] [ERROR] SSE: Connection error Event @ http://localhost:5173/resources/js/services/sseManager.ts:64
[  847693ms] [ERROR] SSE: Connection error Event @ http://localhost:5173/resources/js/services/sseManager.ts:64
